Turbo Assembler	 Version 3.1	    04/03/18 21:38:31	    Page 1
kb.asm



      1	0000				 .model	 tiny
      2	0000				 .code
      3					 org 100h
      4	0100			     start:
      5	0100  EB 35			     jmp work
      6	0102  06 00 06*(0D) 24		     buffer db 6, 0,6 dup (0dh), 24h
      7	010B  49 6E 70 75 74 20	75+	     InputRequest db "Input up to 5 characters:	", 24h
      8	      70 20 74 6F 20 35	20+
      9	      63 68 61 72 61 63	74+
     10	      65 72 73 3A 20 24
     11	0126  59 6F 75 27 76 65	20+	     OutputReadyString db "You've gave me: ", 24h
     12	      67 61 76 65 20 6D	65+
     13	      3A 20 24
     14	0137			     work:
     15	0137  B4 09			     mov ah, 09h
     16	0139  BA 010Br			     lea dx, InputRequest
     17	013C  CD 21			     int 21h
     18
     19	013E  B4 02			     mov ah, 02h
     20	0140  B2 0A			     mov dl, 10
     21	0142  CD 21			     int 21h
     22
     23	0144  B4 0A			     mov ah, 0Ah
     24	0146  BA 0102r			     lea dx, buffer
     25	0149  CD 21			     int 21h
     26
     27	014B  B4 02			     mov ah, 02h
     28	014D  B2 0A			     mov dl, 10
     29	014F  CD 21			     int 21h
     30
     31	0151  B4 09			     mov ah, 09h
     32	0153  BA 0126r			     lea dx, OutputReadyString
     33	0156  CD 21			     int 21h
     34
     35	0158  B4 02			     mov ah, 02h
     36	015A  B2 0A			     mov dl, 10
     37	015C  CD 21			     int 21h
     38
     39	015E  B4 09			     mov ah, 09h
     40	0160  BA 0104r			     lea dx, buffer + 2
     41	0163  CD 21			     int 21h
     42	0165			     fin:
     43	0165  C3			     ret
     44					     end start
Turbo Assembler	 Version 3.1	    04/03/18 21:38:31	    Page 2
Symbol Table




Symbol Name			  Type	 Value

??DATE				  Text	 "04/03/18"
??FILENAME			  Text	 "kb	  "
??TIME				  Text	 "21:38:31"
??VERSION			  Number 030A
@32BIT				  Text	 0
@CODE				  Text	 DGROUP
@CODESIZE			  Text	 0
@CPU				  Text	 0101H
@CURSEG				  Text	 _TEXT
@DATA				  Text	 DGROUP
@DATASIZE			  Text	 0
@FILENAME			  Text	 KB
@INTERFACE			  Text	 00H
@MODEL				  Text	 1
@STACK				  Text	 DGROUP
@WORDSIZE			  Text	 2
BUFFER				  Byte	 DGROUP:0102
FIN				  Near	 DGROUP:0165
INPUTREQUEST			  Byte	 DGROUP:010B
OUTPUTREADYSTRING		  Byte	 DGROUP:0126
START				  Near	 DGROUP:0100
WORK				  Near	 DGROUP:0137

Groups & Segments		  Bit Size Align  Combine Class

DGROUP				  Group
  _DATA				  16  0000 Word	  Public  DATA
  _TEXT				  16  0166 Word	  Public  CODE
